// Vitest Snapshot v1, https://vitest.dev/guide/snapshot.html

exports[`FrontendStack > should create the correct resources 1`] = `
{
  "Mappings": {
    "AWSCloudFrontPartitionHostedZoneIdMap": {
      "aws": {
        "zoneId": "Z2FDTNDATAQYW2",
      },
      "aws-cn": {
        "zoneId": "Z3RFFRIM2A3IF5",
      },
    },
  },
  "Parameters": {
    "BootstrapVersion": {
      "Default": "/cdk-bootstrap/hnb659fds/version",
      "Description": "Version of the CDK Bootstrap resources in this environment, automatically retrieved from SSM Parameter Store. [cdk:skip]",
      "Type": "AWS::SSM::Parameter::Value<String>",
    },
  },
  "Resources": {
    "ARecordE7B57761": {
      "Properties": {
        "AliasTarget": {
          "DNSName": {
            "Fn::GetAtt": [
              "Distribution830FAC52",
              "DomainName",
            ],
          },
          "HostedZoneId": {
            "Fn::FindInMap": [
              "AWSCloudFrontPartitionHostedZoneIdMap",
              {
                "Ref": "AWS::Partition",
              },
              "zoneId",
            ],
          },
        },
        "HostedZoneId": "DUMMY",
        "Name": "kaoo-pass.com.",
        "Type": "A",
      },
      "Type": "AWS::Route53::RecordSet",
    },
    "ApiLambdaRolePolicyB1BED492": {
      "Properties": {
        "PolicyDocument": {
          "Statement": [
            {
              "Action": [
                "s3:GetObject*",
                "s3:GetBucket*",
                "s3:List*",
                "s3:DeleteObject*",
                "s3:PutObject",
                "s3:PutObjectLegalHold",
                "s3:PutObjectRetention",
                "s3:PutObjectTagging",
                "s3:PutObjectVersionTagging",
                "s3:Abort*",
              ],
              "Effect": "Allow",
              "Resource": [
                {
                  "Fn::GetAtt": [
                    "ImageBucket97210811",
                    "Arn",
                  ],
                },
                {
                  "Fn::Join": [
                    "",
                    [
                      {
                        "Fn::GetAtt": [
                          "ImageBucket97210811",
                          "Arn",
                        ],
                      },
                      "/*",
                    ],
                  ],
                },
              ],
            },
          ],
          "Version": "2012-10-17",
        },
        "PolicyName": "ApiLambdaRolePolicyB1BED492",
        "Roles": [
          "laravel-api-dev-ap-northeast-1-lambdaRole",
        ],
      },
      "Type": "AWS::IAM::Policy",
    },
    "Distribution830FAC52": {
      "Properties": {
        "DistributionConfig": {
          "Aliases": [
            "kaoo-pass.com",
          ],
          "CacheBehaviors": [
            {
              "AllowedMethods": [
                "GET",
                "HEAD",
              ],
              "CachePolicyId": "658327ea-f89d-4fab-a63d-7e88639e58f6",
              "CachedMethods": [
                "GET",
                "HEAD",
              ],
              "Compress": true,
              "OriginRequestPolicyId": "88a5eaf4-2fd4-4709-b370-b4c650ea3fcf",
              "PathPattern": "/images/*",
              "ResponseHeadersPolicyId": "60669652-455b-4ae9-85a4-c4c02393f86c",
              "TargetOriginId": "TestFrontendStackDistributionOrigin252E31981",
              "ViewerProtocolPolicy": "redirect-to-https",
            },
          ],
          "Comment": "kaoo-pass.com",
          "CustomErrorResponses": [
            {
              "ErrorCode": 403,
              "ResponseCode": 200,
              "ResponsePagePath": "/",
            },
          ],
          "DefaultCacheBehavior": {
            "AllowedMethods": [
              "GET",
              "HEAD",
              "OPTIONS",
            ],
            "CachePolicyId": "658327ea-f89d-4fab-a63d-7e88639e58f6",
            "CachedMethods": [
              "GET",
              "HEAD",
              "OPTIONS",
            ],
            "Compress": true,
            "TargetOriginId": "TestFrontendStackDistributionOrigin1629E260A",
            "ViewerProtocolPolicy": "redirect-to-https",
          },
          "DefaultRootObject": "index.html",
          "Enabled": true,
          "HttpVersion": "http2",
          "IPV6Enabled": true,
          "Origins": [
            {
              "DomainName": {
                "Fn::GetAtt": [
                  "WebsiteBucket75C24D94",
                  "RegionalDomainName",
                ],
              },
              "Id": "TestFrontendStackDistributionOrigin1629E260A",
              "S3OriginConfig": {
                "OriginAccessIdentity": {
                  "Fn::Join": [
                    "",
                    [
                      "origin-access-identity/cloudfront/",
                      {
                        "Ref": "OriginAccessIdentityDF1E3CAC",
                      },
                    ],
                  ],
                },
              },
            },
            {
              "DomainName": {
                "Fn::GetAtt": [
                  "ImageBucket97210811",
                  "RegionalDomainName",
                ],
              },
              "Id": "TestFrontendStackDistributionOrigin252E31981",
              "S3OriginConfig": {
                "OriginAccessIdentity": {
                  "Fn::Join": [
                    "",
                    [
                      "origin-access-identity/cloudfront/",
                      {
                        "Ref": "ImageOriginAccessIdentity02013D2B",
                      },
                    ],
                  ],
                },
              },
            },
          ],
          "PriceClass": "PriceClass_100",
          "ViewerCertificate": {
            "AcmCertificateArn": "arn:aws:acm:us-east-1:905418074681:certificate/01d9e454-018a-4063-96f8-b20ad66ea2c1",
            "MinimumProtocolVersion": "TLSv1.2_2021",
            "SslSupportMethod": "sni-only",
          },
        },
      },
      "Type": "AWS::CloudFront::Distribution",
    },
    "ImageBucket97210811": {
      "DeletionPolicy": "Delete",
      "Type": "AWS::S3::Bucket",
      "UpdateReplacePolicy": "Delete",
    },
    "ImageBucketPolicy9E7B0384": {
      "Properties": {
        "Bucket": {
          "Ref": "ImageBucket97210811",
        },
        "PolicyDocument": {
          "Statement": [
            {
              "Action": "s3:GetObject",
              "Effect": "Allow",
              "Principal": {
                "CanonicalUser": {
                  "Fn::GetAtt": [
                    "ImageOriginAccessIdentity02013D2B",
                    "S3CanonicalUserId",
                  ],
                },
              },
              "Resource": {
                "Fn::Join": [
                  "",
                  [
                    {
                      "Fn::GetAtt": [
                        "ImageBucket97210811",
                        "Arn",
                      ],
                    },
                    "/*",
                  ],
                ],
              },
            },
          ],
          "Version": "2012-10-17",
        },
      },
      "Type": "AWS::S3::BucketPolicy",
    },
    "ImageOriginAccessIdentity02013D2B": {
      "Properties": {
        "CloudFrontOriginAccessIdentityConfig": {
          "Comment": "image-distribution-originAccessIdentity",
        },
      },
      "Type": "AWS::CloudFront::CloudFrontOriginAccessIdentity",
    },
    "OriginAccessIdentityDF1E3CAC": {
      "Properties": {
        "CloudFrontOriginAccessIdentityConfig": {
          "Comment": "website-distribution-originAccessIdentity",
        },
      },
      "Type": "AWS::CloudFront::CloudFrontOriginAccessIdentity",
    },
    "WebsiteBucket75C24D94": {
      "DeletionPolicy": "Delete",
      "Type": "AWS::S3::Bucket",
      "UpdateReplacePolicy": "Delete",
    },
    "WebsiteBucketPolicyE10E3262": {
      "Properties": {
        "Bucket": {
          "Ref": "WebsiteBucket75C24D94",
        },
        "PolicyDocument": {
          "Statement": [
            {
              "Action": "s3:GetObject",
              "Effect": "Allow",
              "Principal": {
                "CanonicalUser": {
                  "Fn::GetAtt": [
                    "OriginAccessIdentityDF1E3CAC",
                    "S3CanonicalUserId",
                  ],
                },
              },
              "Resource": {
                "Fn::Join": [
                  "",
                  [
                    {
                      "Fn::GetAtt": [
                        "WebsiteBucket75C24D94",
                        "Arn",
                      ],
                    },
                    "/*",
                  ],
                ],
              },
            },
          ],
          "Version": "2012-10-17",
        },
      },
      "Type": "AWS::S3::BucketPolicy",
    },
  },
  "Rules": {
    "CheckBootstrapVersion": {
      "Assertions": [
        {
          "Assert": {
            "Fn::Not": [
              {
                "Fn::Contains": [
                  [
                    "1",
                    "2",
                    "3",
                    "4",
                    "5",
                  ],
                  {
                    "Ref": "BootstrapVersion",
                  },
                ],
              },
            ],
          },
          "AssertDescription": "CDK bootstrap stack version 6 required. Please run 'cdk bootstrap' with a recent version of the CDK CLI.",
        },
      ],
    },
  },
}
`;
