// Vitest Snapshot v1, https://vitest.dev/guide/snapshot.html

exports[`GithubCiCdStack > should create the correct resources 1`] = `
{
  "Parameters": {
    "BootstrapVersion": {
      "Default": "/cdk-bootstrap/hnb659fds/version",
      "Description": "Version of the CDK Bootstrap resources in this environment, automatically retrieved from SSM Parameter Store. [cdk:skip]",
      "Type": "AWS::SSM::Parameter::Value<String>",
    },
  },
  "Resources": {
    "CdkDeployPolicy4C829943": {
      "Properties": {
        "PolicyDocument": {
          "Statement": [
            {
              "Action": [
                "s3:getBucketLocation",
                "s3:List*",
              ],
              "Effect": "Allow",
              "Resource": "arn:aws:s3:::*",
            },
            {
              "Action": [
                "cloudformation:CreateStack",
                "cloudformation:CreateChangeSet",
                "cloudformation:DeleteChangeSet",
                "cloudformation:DescribeChangeSet",
                "cloudformation:DescribeStacks",
                "cloudformation:DescribeStackEvents",
                "cloudformation:ExecuteChangeSet",
                "cloudformation:GetTemplate",
              ],
              "Effect": "Allow",
              "Resource": "arn:aws:cloudformation:ap-northeast-1:905418074681:stack/*/*",
            },
            {
              "Action": [
                "s3:PutObject",
                "s3:GetObject",
                "s3:DeleteObject",
              ],
              "Effect": "Allow",
              "Resource": "arn:aws:s3:::frontendstack-websitebucket75c24d94-gjegy088wi5q/*",
            },
            {
              "Action": "ssm:GetParameter",
              "Effect": "Allow",
              "Resource": "arn:aws:ssm:ap-northeast-1:905418074681:parameter/cdk-bootstrap/hnb659fds/version",
            },
            {
              "Action": "iam:PassRole",
              "Effect": "Allow",
              "Resource": "arn:aws:iam::905418074681:role/cdk-hnb659fds-cfn-exec-role-905418074681-ap-northeast-1",
            },
            {
              "Action": [
                "cloudfront:GetDistribution",
                "cloudfront:GetDistributionConfig",
                "cloudfront:ListDistributions",
                "cloudfront:ListStreamingDistributions",
                "cloudfront:CreateInvalidation",
                "cloudfront:ListInvalidations",
                "cloudfront:GetInvalidation",
              ],
              "Effect": "Allow",
              "Resource": "arn:aws:cloudfront::905418074681:distribution/E7STCAA1QIEGW",
            },
          ],
          "Version": "2012-10-17",
        },
        "PolicyName": "CdkDeployPolicy",
        "Roles": [
          {
            "Ref": "GitHubOidcRoleD5E95968",
          },
        ],
      },
      "Type": "AWS::IAM::Policy",
    },
    "CustomAWSCDKOpenIdConnectProviderCustomResourceProviderHandlerF2C543E0": {
      "DependsOn": [
        "CustomAWSCDKOpenIdConnectProviderCustomResourceProviderRole517FED65",
      ],
      "Properties": {
        "Code": {
          "S3Bucket": "cdk-hnb659fds-assets-905418074681-ap-northeast-1",
          "S3Key": "977fc1649d2dbcce16e23f6332faef6fa0f48aa74a0afe35f4a3467754e20cd8.zip",
        },
        "Handler": "__entrypoint__.handler",
        "MemorySize": 128,
        "Role": {
          "Fn::GetAtt": [
            "CustomAWSCDKOpenIdConnectProviderCustomResourceProviderRole517FED65",
            "Arn",
          ],
        },
        "Runtime": "nodejs18.x",
        "Timeout": 900,
      },
      "Type": "AWS::Lambda::Function",
    },
    "CustomAWSCDKOpenIdConnectProviderCustomResourceProviderRole517FED65": {
      "Properties": {
        "AssumeRolePolicyDocument": {
          "Statement": [
            {
              "Action": "sts:AssumeRole",
              "Effect": "Allow",
              "Principal": {
                "Service": "lambda.amazonaws.com",
              },
            },
          ],
          "Version": "2012-10-17",
        },
        "ManagedPolicyArns": [
          {
            "Fn::Sub": "arn:\${AWS::Partition}:iam::aws:policy/service-role/AWSLambdaBasicExecutionRole",
          },
        ],
        "Policies": [
          {
            "PolicyDocument": {
              "Statement": [
                {
                  "Action": [
                    "iam:CreateOpenIDConnectProvider",
                    "iam:DeleteOpenIDConnectProvider",
                    "iam:UpdateOpenIDConnectProviderThumbprint",
                    "iam:AddClientIDToOpenIDConnectProvider",
                    "iam:RemoveClientIDFromOpenIDConnectProvider",
                  ],
                  "Effect": "Allow",
                  "Resource": "*",
                },
              ],
              "Version": "2012-10-17",
            },
            "PolicyName": "Inline",
          },
        ],
      },
      "Type": "AWS::IAM::Role",
    },
    "GitHubOidcProvider7EBF861F": {
      "DeletionPolicy": "Delete",
      "Properties": {
        "ClientIDList": [
          "sts.amazonaws.com",
        ],
        "CodeHash": "977fc1649d2dbcce16e23f6332faef6fa0f48aa74a0afe35f4a3467754e20cd8",
        "ServiceToken": {
          "Fn::GetAtt": [
            "CustomAWSCDKOpenIdConnectProviderCustomResourceProviderHandlerF2C543E0",
            "Arn",
          ],
        },
        "Url": "https://token.actions.githubusercontent.com",
      },
      "Type": "Custom::AWSCDKOpenIdConnectProvider",
      "UpdateReplacePolicy": "Delete",
    },
    "GitHubOidcRoleD5E95968": {
      "Properties": {
        "AssumeRolePolicyDocument": {
          "Statement": [
            {
              "Action": "sts:AssumeRoleWithWebIdentity",
              "Condition": {
                "StringEquals": {
                  "token.actions.githubusercontent.com:aud": "sts.amazonaws.com",
                  "token.actions.githubusercontent.com:sub": [
                    "repo:ryosuke-horie/mem-vision-front:ref:refs/heads/main",
                    "repo:ryosuke-horie/mem-vision-serverless:ref:refs/heads/main",
                  ],
                },
              },
              "Effect": "Allow",
              "Principal": {
                "Federated": {
                  "Ref": "GitHubOidcProvider7EBF861F",
                },
              },
            },
          ],
          "Version": "2012-10-17",
        },
        "RoleName": "GitHubOidcRole",
      },
      "Type": "AWS::IAM::Role",
    },
  },
  "Rules": {
    "CheckBootstrapVersion": {
      "Assertions": [
        {
          "Assert": {
            "Fn::Not": [
              {
                "Fn::Contains": [
                  [
                    "1",
                    "2",
                    "3",
                    "4",
                    "5",
                  ],
                  {
                    "Ref": "BootstrapVersion",
                  },
                ],
              },
            ],
          },
          "AssertDescription": "CDK bootstrap stack version 6 required. Please run 'cdk bootstrap' with a recent version of the CDK CLI.",
        },
      ],
    },
  },
}
`;
